[dotenv@17.2.4] injecting env (5) from .env -- tip: ≡ƒöÉ encrypt with Dotenvx: https://dotenvx.com

Running 1 test using 1 worker

[1A[2K[dotenv@17.2.4] injecting env (0) from .env -- tip: ΓÜÖ∩╕Å  suppress all logs with { quiet: true }

[1A[2K[1/1] [chromium] ΓÇ║ src\tests\contact-us\contact-us.spec.ts:17:9 ΓÇ║ Phase 3: Support Pages ΓÇ║ should submit contact form with file upload successfully
[1A[2K[chromium] ΓÇ║ src\tests\contact-us\contact-us.spec.ts:17:9 ΓÇ║ Phase 3: Support Pages ΓÇ║ should submit contact form with file upload successfully
Dialog detected: Press OK to proceed!

[1A[2KDialog detected: Press OK to proceed!

[1A[2K  1) [chromium] ΓÇ║ src\tests\contact-us\contact-us.spec.ts:17:9 ΓÇ║ Phase 3: Support Pages ΓÇ║ should submit contact form with file upload successfully 

    Error: dialog.accept: Cannot accept dialog which is already handled!

       at utils\AdHandler.ts:16

      14 |         page.on('dialog', async dialog => {
      15 |             console.log(`Dialog detected: ${dialog.message()}`);
    > 16 |             await dialog.accept();
         |                          ^
      17 |         });
      18 |
      19 |         // Common ad close button selectors
        at Page.<anonymous> (C:\Users\Admin\Downloads\project_final\src\utils\AdHandler.ts:16:26)

    Error: [2mexpect([22m[31mlocator[39m[2m).[22mtoBeVisible[2m([22m[2m)[22m failed

    Locator:  locator('.status.alert.alert-success')
    Expected: visible
    Received: undefined

    Call log:
    [2m  - Expect "toBeVisible" with timeout 15000ms[22m
    [2m  - waiting for locator('.status.alert.alert-success')[22m


       at pages\ContactUsPage.ts:64

      62 |
      63 |         // Wait for success message text to appear (more reliable than visibility check)
    > 64 |         await expect(this.successMessage).toBeVisible({ timeout: 15000 });
         |                                           ^
      65 |         await expect(this.successMessage).toHaveText('Success! Your details have been submitted successfully.', { timeout: 15000 });
      66 |
      67 |         await this.homeButton.click();
        at ContactUsPage.verifySuccessAndNavigateHome (C:\Users\Admin\Downloads\project_final\src\pages\ContactUsPage.ts:64:43)
        at C:\Users\Admin\Downloads\project_final\src\tests\contact-us\contact-us.spec.ts:35:13

    attachment #1: screenshot (image/png) ΓöÇΓöÇΓöÇΓöÇΓöÇΓöÇΓöÇΓöÇΓöÇΓöÇΓöÇΓöÇΓöÇΓöÇΓöÇΓöÇΓöÇΓöÇΓöÇΓöÇΓöÇΓöÇΓöÇΓöÇΓöÇΓöÇΓöÇΓöÇΓöÇΓöÇΓöÇΓöÇΓöÇΓöÇΓöÇΓöÇΓöÇΓöÇΓöÇΓöÇΓöÇΓöÇΓöÇΓöÇΓöÇΓöÇΓöÇΓöÇΓöÇΓöÇΓöÇΓöÇΓöÇΓöÇΓöÇΓöÇΓöÇΓöÇ
    test-results\tests-contact-us-contact-u-0ee97-th-file-upload-successfully-chromium\test-failed-1.png
    ΓöÇΓöÇΓöÇΓöÇΓöÇΓöÇΓöÇΓöÇΓöÇΓöÇΓöÇΓöÇΓöÇΓöÇΓöÇΓöÇΓöÇΓöÇΓöÇΓöÇΓöÇΓöÇΓöÇΓöÇΓöÇΓöÇΓöÇΓöÇΓöÇΓöÇΓöÇΓöÇΓöÇΓöÇΓöÇΓöÇΓöÇΓöÇΓöÇΓöÇΓöÇΓöÇΓöÇΓöÇΓöÇΓöÇΓöÇΓöÇΓöÇΓöÇΓöÇΓöÇΓöÇΓöÇΓöÇΓöÇΓöÇΓöÇΓöÇΓöÇΓöÇΓöÇΓöÇΓöÇΓöÇΓöÇΓöÇΓöÇΓöÇΓöÇΓöÇΓöÇΓöÇΓöÇΓöÇΓöÇΓöÇΓöÇΓöÇΓöÇΓöÇΓöÇΓöÇΓöÇΓöÇΓöÇΓöÇΓöÇΓöÇΓöÇΓöÇΓöÇΓöÇΓöÇΓöÇΓöÇ

    attachment #2: video (video/webm) ΓöÇΓöÇΓöÇΓöÇΓöÇΓöÇΓöÇΓöÇΓöÇΓöÇΓöÇΓöÇΓöÇΓöÇΓöÇΓöÇΓöÇΓöÇΓöÇΓöÇΓöÇΓöÇΓöÇΓöÇΓöÇΓöÇΓöÇΓöÇΓöÇΓöÇΓöÇΓöÇΓöÇΓöÇΓöÇΓöÇΓöÇΓöÇΓöÇΓöÇΓöÇΓöÇΓöÇΓöÇΓöÇΓöÇΓöÇΓöÇΓöÇΓöÇΓöÇΓöÇΓöÇΓöÇΓöÇΓöÇΓöÇΓöÇΓöÇΓöÇΓöÇΓöÇ
    test-results\tests-contact-us-contact-u-0ee97-th-file-upload-successfully-chromium\video.webm
    ΓöÇΓöÇΓöÇΓöÇΓöÇΓöÇΓöÇΓöÇΓöÇΓöÇΓöÇΓöÇΓöÇΓöÇΓöÇΓöÇΓöÇΓöÇΓöÇΓöÇΓöÇΓöÇΓöÇΓöÇΓöÇΓöÇΓöÇΓöÇΓöÇΓöÇΓöÇΓöÇΓöÇΓöÇΓöÇΓöÇΓöÇΓöÇΓöÇΓöÇΓöÇΓöÇΓöÇΓöÇΓöÇΓöÇΓöÇΓöÇΓöÇΓöÇΓöÇΓöÇΓöÇΓöÇΓöÇΓöÇΓöÇΓöÇΓöÇΓöÇΓöÇΓöÇΓöÇΓöÇΓöÇΓöÇΓöÇΓöÇΓöÇΓöÇΓöÇΓöÇΓöÇΓöÇΓöÇΓöÇΓöÇΓöÇΓöÇΓöÇΓöÇΓöÇΓöÇΓöÇΓöÇΓöÇΓöÇΓöÇΓöÇΓöÇΓöÇΓöÇΓöÇΓöÇΓöÇΓöÇ

    Error Context: test-results\tests-contact-us-contact-u-0ee97-th-file-upload-successfully-chromium\error-context.md


[1A[2K  1 failed
    [chromium] ΓÇ║ src\tests\contact-us\contact-us.spec.ts:17:9 ΓÇ║ Phase 3: Support Pages ΓÇ║ should submit contact form with file upload successfully 

ReportPortal Launch Link: http://localhost:8080/ui/#default_personal/launches/all/24

[36m  Serving HTML report at http://localhost:59245. Press Ctrl+C to quit.[39m
